// Jest Snapshot v1, https://goo.gl/fbAQLP

exports[`Testing on <CartLayout/> should  1`] = `
{
  "asFragment": [Function],
  "baseElement": <body>
    <div>
      <div
        class="MuiGrid-root MuiGrid-container css-cd78le-MuiGrid-root"
      >
        <div
          class="MuiContainer-root MuiContainer-maxWidthLg p-0 border-b-[1px] border-[#dadada] css-1oqqzyl-MuiContainer-root"
        >
          <span
            class="MuiTypography-root MuiTypography-h4 block border-b-[1px] border-black w-max py-3 px-10 text-center css-5lbw0b-MuiTypography-root"
          >
            test title
          </span>
        </div>
        test children
      </div>
    </div>
  </body>,
  "container": <div>
    <div
      class="MuiGrid-root MuiGrid-container css-cd78le-MuiGrid-root"
    >
      <div
        class="MuiContainer-root MuiContainer-maxWidthLg p-0 border-b-[1px] border-[#dadada] css-1oqqzyl-MuiContainer-root"
      >
        <span
          class="MuiTypography-root MuiTypography-h4 block border-b-[1px] border-black w-max py-3 px-10 text-center css-5lbw0b-MuiTypography-root"
        >
          test title
        </span>
      </div>
      test children
    </div>
  </div>,
  "debug": [Function],
  "findAllByAltText": [Function],
  "findAllByDisplayValue": [Function],
  "findAllByLabelText": [Function],
  "findAllByPlaceholderText": [Function],
  "findAllByRole": [Function],
  "findAllByTestId": [Function],
  "findAllByText": [Function],
  "findAllByTitle": [Function],
  "findByAltText": [Function],
  "findByDisplayValue": [Function],
  "findByLabelText": [Function],
  "findByPlaceholderText": [Function],
  "findByRole": [Function],
  "findByTestId": [Function],
  "findByText": [Function],
  "findByTitle": [Function],
  "getAllByAltText": [Function],
  "getAllByDisplayValue": [Function],
  "getAllByLabelText": [Function],
  "getAllByPlaceholderText": [Function],
  "getAllByRole": [Function],
  "getAllByTestId": [Function],
  "getAllByText": [Function],
  "getAllByTitle": [Function],
  "getByAltText": [Function],
  "getByDisplayValue": [Function],
  "getByLabelText": [Function],
  "getByPlaceholderText": [Function],
  "getByRole": [Function],
  "getByTestId": [Function],
  "getByText": [Function],
  "getByTitle": [Function],
  "queryAllByAltText": [Function],
  "queryAllByDisplayValue": [Function],
  "queryAllByLabelText": [Function],
  "queryAllByPlaceholderText": [Function],
  "queryAllByRole": [Function],
  "queryAllByTestId": [Function],
  "queryAllByText": [Function],
  "queryAllByTitle": [Function],
  "queryByAltText": [Function],
  "queryByDisplayValue": [Function],
  "queryByLabelText": [Function],
  "queryByPlaceholderText": [Function],
  "queryByRole": [Function],
  "queryByTestId": [Function],
  "queryByText": [Function],
  "queryByTitle": [Function],
  "rerender": [Function],
  "unmount": [Function],
}
`;
